[    0.000000] Linux version 4.15.0-43-generic (buildd@lgw01-amd64-001) (gcc version 7.3.0 (Ubuntu 7.3.0-16ubuntu3)) #46-Ubuntu SMP Thu Dec 6 14:45:28 UTC 2018 (Ubuntu 4.15.0-43.46-generic 4.15.18)
[    0.000000] Command line: BOOT_IMAGE=/boot/vmlinuz-4.15.0-43-generic root=LABEL=cloudimg-rootfs ro console=tty1 console=ttyS0
[    0.000000] KERNEL supported cpus:
[    0.000000]   Intel GenuineIntel
[    0.000000]   AMD AuthenticAMD
[    0.000000]   Centaur CentaurHauls
[    0.000000] x86/fpu: Supporting XSAVE feature 0x001: 'x87 floating point registers'
[    0.000000] x86/fpu: Supporting XSAVE feature 0x002: 'SSE registers'
[    0.000000] x86/fpu: Supporting XSAVE feature 0x004: 'AVX registers'
[    0.000000] x86/fpu: xstate_offset[2]:  576, xstate_sizes[2]:  256
[    0.000000] x86/fpu: Enabled xstate features 0x7, context size is 832 bytes, using 'standard' format.
[    0.000000] e820: BIOS-provided physical RAM map:
[    0.000000] BIOS-e820: [mem 0x0000000000000000-0x000000000009fbff] usable
[    0.000000] BIOS-e820: [mem 0x000000000009fc00-0x000000000009ffff] reserved
[    0.000000] BIOS-e820: [mem 0x00000000000f0000-0x00000000000fffff] reserved
[    0.000000] BIOS-e820: [mem 0x0000000000100000-0x000000001ffeffff] usable
[    0.000000] BIOS-e820: [mem 0x000000001fff0000-0x000000001fffffff] ACPI data
[    0.000000] BIOS-e820: [mem 0x00000000fec00000-0x00000000fec00fff] reserved
[    0.000000] BIOS-e820: [mem 0x00000000fee00000-0x00000000fee00fff] reserved
[    0.000000] BIOS-e820: [mem 0x00000000fffc0000-0x00000000ffffffff] reserved
[    0.000000] NX (Execute Disable) protection: active
[    0.000000] SMBIOS 2.5 present.
[    0.000000] DMI: innotek GmbH VirtualBox/VirtualBox, BIOS VirtualBox 12/01/2006
[    0.000000] Hypervisor detected: KVM
[    0.000000] e820: last_pfn = 0x1fff0 max_arch_pfn = 0x400000000
[    0.000000] MTRR: Disabled
[    0.000000] x86/PAT: MTRRs disabled, skipping PAT initialization too.
[    0.000000] CPU MTRRs all blank - virtualized system.
[    0.000000] x86/PAT: Configuration [0-7]: WB  WT  UC- UC  WB  WT  UC- UC  
[    0.000000] found SMP MP-table at [mem 0x0009fff0-0x0009ffff] mapped at [        (ptrval)]
[    0.000000] Scanning 1 areas for low memory corruption
[    0.000000] RAMDISK: [mem 0x1dc26000-0x1eeadfff]
[    0.000000] ACPI: Early table checksum verification disabled
[    0.000000] ACPI: RSDP 0x00000000000E0000 000024 (v02 VBOX  )
[    0.000000] ACPI: XSDT 0x000000001FFF0030 00003C (v01 VBOX   VBOXXSDT 00000001 ASL  00000061)
[    0.000000] ACPI: FACP 0x000000001FFF00F0 0000F4 (v04 VBOX   VBOXFACP 00000001 ASL  00000061)
[    0.000000] ACPI: DSDT 0x000000001FFF0470 0021FF (v02 VBOX   VBOXBIOS 00000002 INTL 20180105)
[    0.000000] ACPI: FACS 0x000000001FFF0200 000040
[    0.000000] ACPI: FACS 0x000000001FFF0200 000040
[    0.000000] ACPI: APIC 0x000000001FFF0240 00005C (v02 VBOX   VBOXAPIC 00000001 ASL  00000061)
[    0.000000] ACPI: SSDT 0x000000001FFF02A0 0001CC (v01 VBOX   VBOXCPUT 00000002 INTL 20180105)
[    0.000000] No NUMA configuration found
[    0.000000] Faking a node at [mem 0x0000000000000000-0x000000001ffeffff]
[    0.000000] NODE_DATA(0) allocated [mem 0x1ffc5000-0x1ffeffff]
[    0.000000] kvm-clock: cpu 0, msr 0:1ff44001, primary cpu clock
[    0.000000] kvm-clock: Using msrs 4b564d01 and 4b564d00
[    0.000000] kvm-clock: using sched offset of 4066903565 cycles
[    0.000000] clocksource: kvm-clock: mask: 0xffffffffffffffff max_cycles: 0x1cd42e4dffb, max_idle_ns: 881590591483 ns
[    0.000000] Zone ranges:
[    0.000000]   DMA      [mem 0x0000000000001000-0x0000000000ffffff]
[    0.000000]   DMA32    [mem 0x0000000001000000-0x000000001ffeffff]
[    0.000000]   Normal   empty
[    0.000000]   Device   empty
[    0.000000] Movable zone start for each node
[    0.000000] Early memory node ranges
[    0.000000]   node   0: [mem 0x0000000000001000-0x000000000009efff]
[    0.000000]   node   0: [mem 0x0000000000100000-0x000000001ffeffff]
[    0.000000] Initmem setup node 0 [mem 0x0000000000001000-0x000000001ffeffff]
[    0.000000] Reserved but unavailable: 98 pages
[    0.000000] ACPI: PM-Timer IO Port: 0x4008
[    0.000000] IOAPIC[0]: apic_id 2, version 32, address 0xfec00000, GSI 0-23
[    0.000000] ACPI: INT_SRC_OVR (bus 0 bus_irq 0 global_irq 2 dfl dfl)
[    0.000000] ACPI: INT_SRC_OVR (bus 0 bus_irq 9 global_irq 9 low level)
[    0.000000] Using ACPI (MADT) for SMP configuration information
[    0.000000] smpboot: Allowing 2 CPUs, 0 hotplug CPUs
[    0.000000] PM: Registered nosave memory: [mem 0x00000000-0x00000fff]
[    0.000000] PM: Registered nosave memory: [mem 0x0009f000-0x0009ffff]
[    0.000000] PM: Registered nosave memory: [mem 0x000a0000-0x000effff]
[    0.000000] PM: Registered nosave memory: [mem 0x000f0000-0x000fffff]
[    0.000000] e820: [mem 0x20000000-0xfebfffff] available for PCI devices
[    0.000000] Booting paravirtualized kernel on KVM
[    0.000000] clocksource: refined-jiffies: mask: 0xffffffff max_cycles: 0xffffffff, max_idle_ns: 7645519600211568 ns
[    0.000000] random: get_random_bytes called from start_kernel+0x99/0x4fd with crng_init=0
[    0.000000] setup_percpu: NR_CPUS:8192 nr_cpumask_bits:2 nr_cpu_ids:2 nr_node_ids:1
[    0.000000] percpu: Embedded 46 pages/cpu @        (ptrval) s151552 r8192 d28672 u1048576
[    0.000000] PV qspinlock hash table entries: 256 (order: 0, 4096 bytes)
[    0.000000] Built 1 zonelists, mobility grouping on.  Total pages: 128889
[    0.000000] Policy zone: DMA32
[    0.000000] Kernel command line: BOOT_IMAGE=/boot/vmlinuz-4.15.0-43-generic root=LABEL=cloudimg-rootfs ro console=tty1 console=ttyS0
[    0.000000] Memory: 467512K/523832K available (12300K kernel code, 2472K rwdata, 4252K rodata, 2408K init, 2416K bss, 56320K reserved, 0K cma-reserved)
[    0.000000] SLUB: HWalign=64, Order=0-3, MinObjects=0, CPUs=2, Nodes=1
[    0.000000] Kernel/User page tables isolation: enabled
[    0.000000] ftrace: allocating 39186 entries in 154 pages
[    0.004000] Hierarchical RCU implementation.
[    0.004000] 	RCU restricting CPUs from NR_CPUS=8192 to nr_cpu_ids=2.
[    0.004000] 	Tasks RCU enabled.
[    0.004000] RCU: Adjusting geometry for rcu_fanout_leaf=16, nr_cpu_ids=2
[    0.004000] NR_IRQS: 524544, nr_irqs: 440, preallocated irqs: 16
[    0.004000] Console: colour VGA+ 80x25
[    0.004000] console [tty1] enabled
[    0.004000] console [ttyS0] enabled
[    0.004000] ACPI: Core revision 20170831
[    0.004000] ACPI: 2 ACPI AML tables successfully acquired and loaded
[    0.004000] APIC: Switch to symmetric I/O mode setup
[    0.004000] x2apic enabled
[    0.004000] Switched APIC routing to physical x2apic.
[    0.004000] ..TIMER: vector=0x30 apic1=0 pin1=2 apic2=-1 pin2=-1
[    0.004005] tsc: Detected 2494.330 MHz processor
[    0.004788] Calibrating delay loop (skipped) preset value.. 4988.66 BogoMIPS (lpj=9977320)
[    0.005405] pid_max: default: 32768 minimum: 301
[    0.006225] Security Framework initialized
[    0.008003] Yama: becoming mindful.
[    0.008670] AppArmor: AppArmor initialized
[    0.009494] Dentry cache hash table entries: 65536 (order: 7, 524288 bytes)
[    0.010663] Inode-cache hash table entries: 32768 (order: 6, 262144 bytes)
[    0.012013] Mount-cache hash table entries: 1024 (order: 1, 8192 bytes)
[    0.013089] Mountpoint-cache hash table entries: 1024 (order: 1, 8192 bytes)
[    0.014458] mce: CPU supports 0 MCE banks
[    0.015176] Last level iTLB entries: 4KB 512, 2MB 8, 4MB 8
[    0.016003] Last level dTLB entries: 4KB 512, 2MB 32, 4MB 32, 1GB 0
[    0.017039] Spectre V2 : Mitigation: Full generic retpoline
[    0.018032] Spectre V2 : Spectre v2 / SpectreRSB mitigation: Filling RSB on context switch
[    0.019384] Speculative Store Bypass: Vulnerable
[    0.020112] Freeing SMP alternatives memory: 36K
[    0.024000] smpboot: CPU0: Intel(R) Core(TM) i5-3210M CPU @ 2.50GHz (family: 0x6, model: 0x3a, stepping: 0x9)
[    0.024102] Performance Events: unsupported p6 CPU model 58 no PMU driver, software events only.
[    0.025954] Hierarchical SRCU implementation.
[    0.028566] NMI watchdog: Perf event create on CPU 0 failed with -2
[    0.029915] NMI watchdog: Perf NMI watchdog permanently disabled
[    0.032053] smp: Bringing up secondary CPUs ...
[    0.033100] x86: Booting SMP configuration:
[    0.034034] .... node  #0, CPUs:      #1
[    0.004000] kvm-clock: cpu 1, msr 0:1ff44041, secondary cpu clock
[    0.004000] mce: CPU supports 0 MCE banks
[    0.038242] smp: Brought up 1 node, 2 CPUs
[    0.038242] smpboot: Max logical packages: 1
[    0.040006] smpboot: Total of 2 processors activated (9977.32 BogoMIPS)
[    0.041519] devtmpfs: initialized
[    0.044074] x86/mm: Memory block size: 128MB
[    0.048137] evm: security.selinux
[    0.052004] evm: security.SMACK64
[    0.052597] evm: security.SMACK64EXEC
[    0.053244] evm: security.SMACK64TRANSMUTE
[    0.053945] evm: security.SMACK64MMAP
[    0.054608] evm: security.apparmor
[    0.055209] evm: security.ima
[    0.055753] evm: security.capability
[    0.056127] clocksource: jiffies: mask: 0xffffffff max_cycles: 0xffffffff, max_idle_ns: 7645041785100000 ns
[    0.057645] futex hash table entries: 512 (order: 3, 32768 bytes)
[    0.058708] pinctrl core: initialized pinctrl subsystem
[    0.060114] RTC time:  7:00:17, date: 01/24/19
[    0.061096] NET: Registered protocol family 16
[    0.061960] audit: initializing netlink subsys (disabled)
[    0.062885] audit: type=2000 audit(1548313222.444:1): state=initialized audit_enabled=0 res=1
[    0.064020] cpuidle: using governor ladder
[    0.064782] cpuidle: using governor menu
[    0.065531] ACPI: bus type PCI registered
[    0.066262] acpiphp: ACPI Hot Plug PCI Controller Driver version: 0.5
[    0.068128] PCI: Using configuration type 1 for base access
[    0.069123] HugeTLB registered 2.00 MiB page size, pre-allocated 0 pages
[    0.072116] ACPI: Added _OSI(Module Device)
[    0.073122] ACPI: Added _OSI(Processor Device)
[    0.074143] ACPI: Added _OSI(3.0 _SCP Extensions)
[    0.076005] ACPI: Added _OSI(Processor Aggregator Device)
[    0.077226] ACPI: Added _OSI(Linux-Dell-Video)
[    0.080011] ACPI: Added _OSI(Linux-Lenovo-NV-HDMI-Audio)
[    0.084324] ACPI: Executed 1 blocks of module-level executable AML code
[    0.090815] ACPI: Interpreter enabled
[    0.092023] ACPI: (supports S0 S5)
[    0.096006] ACPI: Using IOAPIC for interrupt routing
[    0.097155] PCI: Using host bridge windows from ACPI; if necessary, use "pci=nocrs" and report a bug
[    0.098907] ACPI: Enabled 2 GPEs in block 00 to 07
[    0.107748] ACPI: PCI Root Bridge [PCI0] (domain 0000 [bus 00-ff])
[    0.108010] acpi PNP0A03:00: _OSC: OS supports [ASPM ClockPM Segments MSI]
[    0.109180] acpi PNP0A03:00: _OSC: not requesting OS control; OS requires [ExtendedConfig ASPM ClockPM MSI]
[    0.110791] acpi PNP0A03:00: fail to add MMCONFIG information, can't access extended PCI configuration space under this bridge.
[    0.112539] PCI host bridge to bus 0000:00
[    0.113458] pci_bus 0000:00: root bus resource [io  0x0000-0x0cf7 window]
[    0.116005] pci_bus 0000:00: root bus resource [io  0x0d00-0xffff window]
[    0.117118] pci_bus 0000:00: root bus resource [mem 0x000a0000-0x000bffff window]
[    0.118396] pci_bus 0000:00: root bus resource [mem 0x20000000-0xfdffffff window]
[    0.119674] pci_bus 0000:00: root bus resource [bus 00-ff]
[    0.121980] pci 0000:00:01.1: legacy IDE quirk: reg 0x10: [io  0x01f0-0x01f7]
[    0.124004] pci 0000:00:01.1: legacy IDE quirk: reg 0x14: [io  0x03f6]
[    0.125068] pci 0000:00:01.1: legacy IDE quirk: reg 0x18: [io  0x0170-0x0177]
[    0.126352] pci 0000:00:01.1: legacy IDE quirk: reg 0x1c: [io  0x0376]
[    0.142896] pci 0000:00:07.0: quirk: [io  0x4000-0x403f] claimed by PIIX4 ACPI
[    0.144023] pci 0000:00:07.0: quirk: [io  0x4100-0x410f] claimed by PIIX4 SMB
[    0.156586] ACPI: PCI Interrupt Link [LNKA] (IRQs 5 9 10 *11)
[    0.160475] ACPI: PCI Interrupt Link [LNKB] (IRQs 5 9 *10 11)
[    0.164168] ACPI: PCI Interrupt Link [LNKC] (IRQs 5 *9 10 11)
[    0.168191] ACPI: PCI Interrupt Link [LNKD] (IRQs 5 9 10 *11)
[    0.170049] SCSI subsystem initialized
[    0.172095] pci 0000:00:02.0: vgaarb: setting as boot VGA device
[    0.176000] pci 0000:00:02.0: vgaarb: VGA device added: decodes=io+mem,owns=io+mem,locks=none
[    0.176013] pci 0000:00:02.0: vgaarb: bridge control possible
[    0.177008] vgaarb: loaded
[    0.177598] ACPI: bus type USB registered
[    0.180040] usbcore: registered new interface driver usbfs
[    0.181038] usbcore: registered new interface driver hub
[    0.181977] usbcore: registered new device driver usb
[    0.182961] EDAC MC: Ver: 3.0.0
[    0.184140] PCI: Using ACPI for IRQ routing
[    0.185369] NetLabel: Initializing
[    0.188012] NetLabel:  domain hash size = 128
[    0.192010] NetLabel:  protocols = UNLABELED CIPSOv4 CALIPSO
[    0.193307] NetLabel:  unlabeled traffic allowed by default
[    0.196151] clocksource: Switched to clocksource kvm-clock
[    0.235181] VFS: Disk quotas dquot_6.6.0
[    0.235995]FSDquot-cache hash table entries: 512 (orr  46 te
[    0.573280] AppArmor: AppArmor Filesystem Enabled
[    0.634259] pnp: PnP ACPI init
[    0.635971] pnp: PnP ACPI: found 3 devices
[  04854clksrc: pim: mask: 0xffffff max_cycles: 0xffffff, max_idle_ns: 2085701024 ns
[    1.079162] NET: Registered protocol family 2
[    1.080390] TCP established hash table entries: 4096 (order: 3, 32768 bytes)
[    1.081826] TCP bind hash table entries: 4096 (order: 4, 65536 bytes)
[    1.083154] TCP: Hash tables configured (established 4096 bind 4096)
[    1.089796] UDP hash table entries: 256 (order: 1, 8192 bytes)
[    1.091002] UDP-Lite hash table entries: 256 (order: 1, 8192 bytes)
[    1.092370] NET: Registered protocol family 1
[    1.093302] pci 0000:00:00.0: Limiting direct PCI/PCI tranfers
[    1.118452] pci 0000:00:01.0: Activating ISA DMA hang workarounds
[    1.119749] pci 0000:00:02.0: Video device with shadowed ROM at [mem 0x000c0000-0x000dffff]
[    1.121604] Unpacking initramfs...

[    1.407947] Freeing initrd memory: 18976K
[    1.409111] platform rtc_cmos: registered platform RTC device (no PNP device found)
[    1.410809] Scanning for low memory corruption every 60 seconds
[    1.412914] Initialise system trusted keyrings
[    1.413789] Key type blacklist registered
[    1.414615] workingset: timestamp_bits=36 max_order=17 bucket_order=0
[    1.416895] zbud: loaded
[    1.417857] squashfs: version 4.0 (2009/01/31) Phillip Lougher
[    1.419052] fuse init (API version 7.26)
[    1.423437] Key type asymmetric registered
[    1.424218] Asymmetric key parser 'x509' registered
[    1.425102] Block layer SCSI generic (bsg) driver version 0.4 loaded (major 246)
[    1.426467] io scheduler noop registered
[    1.427165] io scheduler deadline registered
[    1.427969] io scheduler cfq registered (default)
[    1.429415] ACPI: AC Adapter [AC] (off-line)
[    1.430675] input: Power Button as /devices/LNXSYSTM:00/LNXPWRBN:00/input/input0
[    1.433695] ACPI: Power Button [PWRF]
[    1.434420] input: Sleep Button as /devices/LNXSYSTM:00/LNXSLPBN:00/input/input1
[    1.435693] ACPI: Sleep Button [SLPF]
[    1.437557] ACPI: Battery Slot [BAT0] (battery present)
[    1.438560] Serial: 8250/16550 driver, 32 ports, IRQ sharing enabled
[    1.462040] 00:02: ttyS0 at I/O 0x3f8 (irq = 4, base_baud = 115200) is a 16550A
[    1.481586] Linux agpgart interface v0.103
[    1.490992] loop: module loaded
[    1.492586] scsi host0: ata_piix
[    1.501208] scsi host1: ata_piix
[    1.502230] ata1: PATA max UDMA/33 cmd 0x1f0 ctl 0x3f6 bmdma 0xd000 irq 14
[    1.504145] ata2: PATA max UDMA/33 cmd 0x170 ctl 0x376 bmdma 0xd008 irq 15
[    1.507000] libphy: Fixed MDIO Bus: probed
[    1.507893] tun: Universal TUN/TAP device driver, 1.6
[    1.508814] PPP generic driver version 2.4.2
[    1.509594] ehci_hcd: USB 2.0 'Enhanced' Host Controller (EHCI) Driver
[    1.510669] ehci-pci: EHCI PCI platform driver
[    1.511462] ehci-platform: EHCI generic platform driver
[    1.512760] ohci_hcd: USB 1.1 'Open' Host Controller (OHCI) Driver
[    1.515549] ohci-pci: OHCI PCI platform driver
[    1.516618] ohci-platform: OHCI generic platform driver
[    1.517779] uhci_hcd: USB Universal Host Controller Interface driver
[    1.519208] i8042: PNP: PS/2 Controller [PNP0303:PS2K,PNP0f03:PS2M] at 0x60,0x64 irq 1,12
[    1.521417] serio: i8042 KBD port at 0x60,0x64 irq 1
[    1.522518] serio: i8042 AUX port at 0x60,0x64 irq 12
[    1.523705] mousedev: PS/2 mouse device common for all mice
[    1.525403] rtc_cmos rtc_cmos: rtc core: registered rtc_cmos as rtc0
[    1.526799] rtc_cmos rtc_cmos: alarms up to one day, 114 bytes nvram
[    1.528268] input: AT Translated Set 2 keyboard as /devices/platform/i8042/serio0/input/input2
[    1.530192] i2c /dev entries driver
[    1.530986] pcie_mp2_amd: AMD(R) PCI-E MP2 Communication Driver Version: 1.0
[    1.532601] device-mapper: uevent: version 1.0.3
[    1.533744] device-mapper: ioctl: 4.37.0-ioctl (2017-09-20) initialised: dm-devel@redhat.com
[    1.535743] ledtrig-cpu: registered to indicate activity on CPUs
[    1.537643] NET: Registered protocol family 10
[    1.545680] Segment Routing with IPv6
[    1.546577] NET: Registered protocol family 17
[    1.547746] Key type dns_resolver registered
[    1.549232] RAS: Correctable Errors collector initialized.
[    1.550658] sched_clock: Marking stable (1549137346, 0)->(1865336783, -316199437)
[    1.553045] registered taskstats version 1
[    1.556505] Loading compiled-in X.509 certificates
[    1.561748] Loaded X.509 cert 'Build time autogenerated kernel key: 6afcca3ddc80072aeae87585a7fdb65d40603f58'
[    1.563467] zswap: loaded using pool lzo/zbud
[    1.571618] Key type big_key registered
[    1.572711] Key type trusted registered
[    1.576643] Key type encrypted registered
[    1.577681] AppArmor: AppArmor sha1 policy hashing enabled
[    1.584441] ima: No TPM chip found, activating TPM-bypass! (rc=-19)
[    1.586056] ima: Allocated hash algorithm: sha1
[    1.587279] evm: HMAC attrs: 0x1
[    1.588660]   Magic number: 3:474:16
[    1.589787] rtc_cmos rtc_cmos: setting system clock to 2019-01-24 07:00:18 UTC (1548313218)
[    1.592067] BIOS EDD facility v0.16 2004-Jun-25, 0 devices found
[    1.593076] EDD information not available.
[    1.669563] Freeing unused kernel memory: 2408K
[    1.703911] Write protecting the kernel read-only data: 20480k
[    2.532725] tsc: Refined TSC clocksource calibration: 2494.241 MHz
[    2.534085] clocksource: tsc: mask: 0xffffffffffffffff max_cycles: 0x23f3f9bb869, max_idle_ns: 440795322855 ns
[    2.542117] Freeing unused kernel memory: 2008K
[    2.546769] Freeing unused kernel memory: 1892K
[    2.580425] x86/mm: Checked W+X mappings: passed, no W+X pages found.
[    2.581548] x86/mm: Checking user space page tables
[    2.588598] x86/mm: Checked W+X mappings: passed, no W+X pages found.
Loading, please wait...
starting version 237
[    2.699527] Fusion MPT base driver 3.04.20
[    2.734600] Copyright (c) 1999-2008 LSI Corporation
[    2.749317] e1000: Intel(R) PRO/1000 Network Driver - version 7.3.21-k8-NAPI
[    2.756555] e1000: Copyright (c) 1999-2006 Intel Corporation.
[    2.759262] Fusion MPT SPI Host driver 3.04.20
[    2.769761] mptbase: ioc0: Initiating bringup
[    2.775126] AVX version of gcm_enc/dec engaged.
[    2.776429] AES CTR mode by8 optimization enabled
[    2.868671] ioc0: LSI53C1030 A0: Capabilities={Initiator}
[    2.959065] input: ImExPS/2 Generic Explorer Mouse as /devices/platform/i8042/serio1/input/input4
[    3.125436] scsi host2: ioc0: LSI53C1030 A0, FwRev=00000000h, Ports=1, MaxQ=256, IRQ=20
[    3.298631] scsi 2:0:0:0: Direct-Access     VBOX     HARDDISK         1.0  PQ: 0 ANSI: 5
[    3.368819] scsi target2:0:0: Beginning Domain Validation
[    3.589220] scsi target2:0:0: Domain Validation skipping write tests
[    3.590324] scsi target2:0:0: Ending Domain Validation
[    3.591264] scsi target2:0:0: asynchronous
[    3.592452] scsi 2:0:1:0: Direct-Access     VBOX     HARDDISK         1.0  PQ: 0 ANSI: 5
[    3.860275] scsi target2:0:1: Beginning Domain Validation
[    3.864975] random: fast init done
[    3.866346] scsi target2:0:1: Domain Validation skipping write tests
[    3.868248] scsi target2:0:1: Ending Domain Validation
[    3.869968] scsi target2:0:1: asynchronous
[    3.877316] random: systemd-udevd: uninitialized urandom read (16 bytes read)
[    3.879515] random: systemd-udevd: uninitialized urandom read (16 bytes read)
[    3.880768] random: systemd-udevd: uninitialized urandom read (16 bytes read)
[    3.882163] sd 2:0:0:0: Attached scsi generic sg0 type 0
[    3.883525] sd 2:0:1:0: Attached scsi generic sg1 type 0
[    3.893951] sd 2:0:0:0: [sda] 20971520 512-byte logical blocks: (10.7 GB/10.0 GiB)
[    3.895881] sd 2:0:1:0: [sdb] 20480 512-byte logical blocks: (10.5 MB/10.0 MiB)
[    3.896230] e1000 0000:00:03.0 eth0: (PCI:33MHz:32-bit) 02:0d:31:14:c7:a7
[    3.896234] e1000 0000:00:03.0 eth0: Intel(R) PRO/1000 Network Connection
[    3.900717] sd 2:0:0:0: [sda] Write Protect is off
[    3.901798] sd 2:0:1:0: [sdb] Write Protect is off
[    3.903041] sd 2:0:0:0: [sda] Incomplete mode parameter data
[    3.904155] sd 2:0:1:0: [sdb] Incomplete mode parameter data
[    3.904157] sd 2:0:1:0: [sdb] Assuming drive cache: write through
[    3.906909] sd 2:0:0:0: [sda] Assuming drive cache: write through
[    3.947086]  sda: sda1
[    3.954122] sd 2:0:0:0: [sda] Attached SCSI disk
[    3.958096] sd 2:0:1:0: [sdb] Attached SCSI disk
[    4.300396] e1000 0000:00:08.0 eth1: (PCI:33MHz:32-bit) 08:00:27:36:61:b8
[    4.704085] e1000 0000:00:08.0 eth1: Intel(R) PRO/1000 Network Connection
[    4.706456] e1000 0000:00:08.0 enp0s8: renamed from eth1
[    4.720279] e1000 0000:00:03.0 enp0s3: renamed from eth0
Begin: Loading essential drivers ... [    6.216045] raid6: sse2x1   gen()  8481 MB/s
[    6.272038] raid6: sse2x1   xor()  6213 MB/s
[    6.324042] raid6: sse2x2   gen() 10315 MB/s
[    6.376027] raid6: sse2x2   xor()  6445 MB/s
[    6.428038] raid6: sse2x4   gen() 11900 MB/s
[    6.488033] raid6: sse2x4   xor()  7643 MB/s
[    6.513830] raid6: using algorithm sse2x4 gen() 11900 MB/s
[    6.514751] raid6: .... xor() 7643 MB/s, rmw enabled
[    6.515632] raid6: using ssse3x2 recovery algorithm
[    6.518886] xor: automatically using best checksumming function   avx       
[    6.523331] async_tx: api initialized (async)
done.
Begin: Running /scripts/init-premount ... done.
Begin: Mounting root file system ... Begin: Running /scripts/local-top ... done.
Begin: Running /scripts/local-premount ... [    6.591363] Btrfs loaded, crc32c=crc32c-intel
Scanning for Btrfs filesystems
done.
Warning: fsck not present, so skipping root file system
[    6.746551] EXT4-fs (sda1): mounted filesystem with ordered data mode. Opts: (null)
done.
Begin: Running /scripts/local-bottom ... done.
Begin: Running /scripts/init-bottom ... done.
[    8.018548] ip_tables: (C) 2000-2006 Netfilter Core Team
[    8.115149] systemd[1]: systemd 237 running in system mode. (+PAM +AUDIT +SELINUX +IMA +APPARMOR +SMACK +SYSVINIT +UTMP +LIBCRYPTSETUP +GCRYPT +GNUTLS +ACL +XZ +LZ4 +SECCOMP +BLKID +ELFUTILS +KMOD -IDN2 +IDN -PCRE2 default-hierarchy=hybrid)
[    8.135873] systemd[1]: Detected virtualization oracle.
[    8.137018] systemd[1]: Detected architecture x86-64.

Welcome to [1mUbuntu 18.04.1 LTS[0m!

[    8.182447] systemd[1]: Set hostname to <openwisp2>.
[    9.149226] random: crng init done
[    9.150685] random: 7 urandom warning(s) missed due to ratelimiting
[    9.799409] systemd[1]: Reached target Swap.
[[0;32m  OK  [0m] Reached target Swap.
[    9.805144] systemd[1]: Started Forward Password Requests to Wall Directory Watch.
[[0;32m  OK  [0m] Started Forward Password Requests to Wall Directory Watch.
[    9.809705] systemd[1]: Reached target User and Group Name Lookups.
[[0;32m  OK  [0m] Reached target User and Group Name Lookups.
[    9.814014] systemd[1]: Created slice User and Session Slice.
[[0;32m  OK  [0m] Created slice User and Session Slice.
[    9.816624] systemd[1]: Reached target System Time Synchronized.
[[0;32m  OK  [0m] Reached target System Time Synchronized.
[    9.819400] systemd[1]: Set up automount Arbitrary Executable File Formats File System Automount Point.
[[0;32m  OK  [0m] Set up automount Arbitrary Executabâ€¦rmats File System Automount Point.
[[0;32m  OK  [0m] Created slice System Slice.
[[0;32m  OK  [0m] Listening on udev Kernel Socket.
[[0;32m  OK  [0m] Created slice system-serial\x2dgetty.slice.
[[0;32m  OK  [0m] Listening on udev Control Socket.
[[0;32m  OK  [0m] Listening on Syslog Socket.
[[0;32m  OK  [0m] Listening on /dev/initctl Compatibility Named Pipe.
[[0;32m  OK  [0m] Listening on Journal Socket (/dev/log).
[[0;32m  OK  [0m] Listening on Device-mapper event daemon FIFOs.
[[0;32m  OK  [0m] Listening on Journal Socket.
         Mounting POSIX Message Queue File System...
         Starting Uncomplicated firewall...
         Starting Load Kernel Modules...
         Starting Set the console keyboard layout...
         Starting Create list of required stâ€¦ce nodes for the current kernel...
[[0;32m  OK  [0m] Listening on Network Service Netlink Socket.
[[0;32m  OK  [0m] Reached target Slices.
         Starting udev Coldplug all Devices...
[[0;32m  OK  [0m] Listening on Journal Audit Socket.
         Starting Journal Service...
         Mounting Huge Pages File System...
[[0;32m  OK  [0m] Listening on LVM2 metadata daemon socket.
         Starting Remount Root and Kernel File Systems...
         Mounting Kernel Debug File System...
         Starting Monitoring of LVM2 mirrorsâ€¦ng dmeventd or progress polling...
[[0;32m  OK  [0m] Listening on LVM2 poll daemon socket.
[[0;32m  OK  [0m] Started Journal Service.
[[0;32m  OK  [0m] Started Uncomplicated firewall.
[[0;32m  OK  [0m] Started Create list of required staâ€¦vice nodes for the current kernel.
         Starting Create Static Device Nodes in /dev...
[[0;32m  OK  [0m] Started udev Coldplug all Devices.
[   11.064005] Loading iSCSI transport class v2.0-870.
[[0;32m  OK  [0m] Started Create Static Device Nodes in /dev.
[   12.474217] iscsi: registered transport (tcp)
[   12.769465] iscsi: registered transport (iser)
[[0;32m  OK  [0m] Started Load Kernel Modules.
         Mounting FUSE Control File System...
         Mounting Kernel Configuration File System...
         Starting Apply Kernel Variables...
[[0;32m  OK  [0m] Started Apply Kernel Variables.
[[0;32m  OK  [0m] Mounted POSIX Message Queue File System.
[[0;32m  OK  [0m] Mounted Huge Pages File System.
[[0;32m  OK  [0m] Mounted Kernel Debug File System.
[[0;32m  OK  [0m] Mounted FUSE Control File System.
[[0;32m  OK  [0m] Mounted Kernel Configuration File System.
[[0;32m  OK  [0m] Started LVM2 metadata daemon.
[[0;32m  OK  [0m] Started Remount Root and Kernel File Systems.
         Starting Initial cloud-init job (pre-networking)...
         Starting udev Kernel Device Manager...
         Starting Load/Save Random Seed...
         Starting Flush Journal to Persistent Storage...
[[0;32m  OK  [0m] Started Load/Save Random Seed.
[[0;32m  OK  [0m] Started Monitoring of LVM2 mirrors,â€¦sing dmeventd or progress polling.
[[0;32m  OK  [0m] Started udev Kernel Device Manager.
[[0;32m  OK  [0m] Found device /dev/ttyS0.
[[0;32m  OK  [0m] Started Flush Journal to Persistent Storage.
[[0;32m  OK  [0m] Listening on Load/Save RF Kill Switch Status /dev/rfkill Watch.
[[0;32m  OK  [0m] Started Set the console keyboard layout.
[[0;32m  OK  [0m] Reached target Local File Systems (Pre).
[[0;32m  OK  [0m] Reached target Local File Systems.
         Starting AppArmor initialization...
         Starting Tell Plymouth To Write Out Runtime Data...
         Starting ebtables ruleset management...
         Starting Set console font and keymap...
         Starting Create Volatile Files and Directories...
[[0;32m  OK  [0m] Started Dispatch Password Requests to Console Directory Watch.
[[0;32m  OK  [0m] Reached target Local Encrypted Volumes.
[[0;32m  OK  [0m] Started Tell Plymouth To Write Out Runtime Data.
[[0;32m  OK  [0m] Started Set console font and keymap.
[[0;32m  OK  [0m] Started Create Volatile Files and Directories.
         Starting Update UTMP about System Boot/Shutdown...
[[0;32m  OK  [0m] Started Update UTMP about System Boot/Shutdown.
[[0;32m  OK  [0m] Started ebtables ruleset management.
[[0;32m  OK  [0m] Started AppArmor initialization.
[   22.887618] cloud-init[408]: Cloud-init v. 18.4-0ubuntu1~18.04.1 running 'init-local' at Thu, 24 Jan 2019 07:00:39 +0000. Up 22.34 seconds.
[[0;32m  OK  [0m] Started Initial cloud-init job (pre-networking).
[[0;32m  OK  [0m] Reached target Network (Pre).
         Starting Network Service...
[[0;32m  OK  [0m] Started Network Service.
         Starting Network Name Resolution...
         Starting Wait for Network to be Configured...
[[0;32m  OK  [0m] Started Network Name Resolution.
[[0;32m  OK  [0m] Reached target Host and Network Name Lookups.
[[0;32m  OK  [0m] Reached target Network.
[[0;32m  OK  [0m] Started Wait for Network to be Configured.
         Starting Initial cloud-init job (metadata service crawler)...
[   25.816863] cloud-init[786]: Cloud-init v. 18.4-0ubuntu1~18.04.1 running 'init' at Thu, 24 Jan 2019 07:00:42 +0000. Up 25.55 seconds.
[   25.820317] cloud-init[786]: ci-info: ++++++++++++++++++++++++++++++++++++++Net device info+++++++++++++++++++++++++++++++++++++++
[   25.821901] cloud-init[786]: ci-info: +--------+------+-----------------------------+---------------+--------+-------------------+
[   25.824061] cloud-init[786]: ci-info: | Device |  Up  |           Address           |      Mask     | Scope  |     Hw-Address    |
[   25.836383] cloud-init[786]: ci-info: +--------+------+-----------------------------+---------------+--------+-------------------+
[   25.858020] cloud-init[786]: ci-info: | enp0s3 | True |          10.0.2.15          | 255.255.255.0 | global | 02:0d:31:14:c7:a7 |
[   25.861946] cloud-init[786]: ci-info: | enp0s3 | True |  fe80::d:31ff:fe14:c7a7/64  |       .       |  link  | 02:0d:31:14:c7:a7 |
[   25.864389] cloud-init[786]: ci-info: | enp0s8 | True |        192.168.56.97        | 255.255.255.0 | global | 08:00:27:36:61:b8 |
[   25.881425] cloud-init[786]: ci-info: | enp0s8 | True | fe80::a00:27ff:fe36:61b8/64 |       .       |  link  | 08:00:27:36:61:b8 |
[   25.904526] cloud-init[786]: ci-info: |   lo   | True |          127.0.0.1          |   255.0.0.0   |  host  |         .         |
[   25.908720] cloud-init[786]: ci-info: |   lo   | True |           ::1/128           |       .       |  host  |         .         |
[   25.912626] cloud-init[786]: ci-info: +--------+------+-----------------------------+---------------+--------+-------------------+
[   25.915577] cloud-init[786]: ci-info: +++++++++++++++++++++++++++++Route IPv4 info+++++++++++++++++++++++++++++
[   25.917187] cloud-init[786]: ci-info: +-------+--------------+----------+-----------------+-----------+-------+
[   25.918729] cloud-init[786]: ci-info: | Route | Destination  | Gateway  |     Genmask     | Interface | Flags |
[   25.920305] cloud-init[786]: ci-info: +-------+--------------+----------+-----------------+-----------+-------+
[   25.921878] cloud-init[786]: ci-info: |   0   |   0.0.0.0    | 10.0.2.2 |     0.0.0.0     |   enp0s3  |   UG  |
[   25.923448] cloud-init[786]: ci-info: |   1   |   10.0.2.0   | 0.0.0.0  |  255.255.255.0  |   enp0s3  |   U   |
[   25.925083] cloud-init[786]: ci-info: |   2   |   10.0.2.2   | 0.0.0.0  | 255.255.255.255 |   enp0s3  |   UH  |
[   25.926626] cloud-init[786]: ci-info: |   3   | 192.168.56.0 | 0.0.0.0  |  255.255.255.0  |   enp0s8  |   U   |
[   25.928193] cloud-init[786]: ci-info: +-------+--------------+----------+-----------------+-----------+-------+
[   25.929721] cloud-init[786]: ci-info: +++++++++++++++++++Route IPv6 info+++++++++++++++++++
[   25.931056] cloud-init[786]: ci-info: +-------+-------------+---------+-----------+-------+
[   25.932421] cloud-init[786]: ci-info: | Route | Destination | Gateway | Interface | Flags |
[   25.933768] cloud-init[786]: ci-info: +-------+-------------+---------+-----------+-------+
[   25.935093] cloud-init[786]: ci-info: |   1   |  fe80::/64  |    ::   |   enp0s8  |   U   |
[   25.936405] cloud-init[786]: ci-info: |   2   |  fe80::/64  |    ::   |   enp0s3  |   U   |
[   25.937692] cloud-init[786]: ci-info: |   4   |    local    |    ::   |   enp0s3  |   U   |
[   25.938987] cloud-init[786]: ci-info: |   5   |    local    |    ::   |   enp0s8  |   U   |
[   25.940314] cloud-init[786]: ci-info: |   6   |   ff00::/8  |    ::   |   enp0s8  |   U   |
[   25.941614] cloud-init[786]: ci-info: |   7   |   ff00::/8  |    ::   |   enp0s3  |   U   |
[   25.942935] cloud-init[786]: ci-info: +-------+-------------+---------+-----------+-------+
[[0;32m  OK  [0m] Started Initial cloud-init job (metadata service crawler).
[[0;32m  OK  [0m] Reached target Network is Online.
[[0;32m  OK  [0m] Reached target Remote File Systems (Pre).
[[0;32m  OK  [0m] Reached target Remote File Systems.
         Starting Availability of block devices...
[[0;32m  OK  [0m] Reached target System Initialization.
[[0;32m  OK  [0m] Listening on Open-iSCSI iscsid Socket.
[[0;32m  OK  [0m] Listening on ACPID Listen Socket.
[[0;32m  OK  [0m] Listening on UUID daemon activation socket.
[[0;32m  OK  [0m] Started Daily apt download activities.
[[0;32m  OK  [0m] Started Daily apt upgrade and clean activities.
[[0;32m  OK  [0m] Started ACPI Events Check.
[[0;32m  OK  [0m] Reached target Paths.
         Starting LXD - unix socket.
         Starting Socket activation for snappy daemon.
[[0;32m  OK  [0m] Started Message of the Day.
[[0;32m  OK  [0m] Started Daily Cleanup of Temporary Directories.
[[0;32m  OK  [0m] Listening on D-Bus System Message Bus Socket.
[[0;32m  OK  [0m] Started Discard unused blocks once a week.
[[0;32m  OK  [0m] Reached target Timers.
[[0;32m  OK  [0m] Reached target Cloud-config availability.
[[0;32m  OK  [0m] Started Availability of block devices.
[[0;32m  OK  [0m] Listening on LXD - unix socket.
[[0;32m  OK  [0m] Listening on Socket activation for snappy daemon.
[[0;32m  OK  [0m] Reached target Sockets.
[[0;32m  OK  [0m] Reached target Basic System.
[[0;32m  OK  [0m] Started Regular background program processing daemon.
[[0;32m  OK  [0m] Started FUSE filesystem for LXC.
         Starting Dispatcher daemon for systemd-networkd...
         Starting LSB: Record successful boot for GRUB...
         Starting Login Service...
[[0;32m  OK  [0m] Started irqbalance daemon.
[[0;32m  OK  [0m] Started D-Bus System Message Bus.
[[0;32m  OK  [0m] Started Login Service.
[[0;32m  OK  [0m] Started Unattended Upgrades Shutdown.
         Starting Accounts Service...
         Starting LXD - container startup/shutdown...
         Starting System Logging Service...
[[0;32m  OK  [0m] Started Deferred execution scheduler.
         Starting Virtualbox guest utils...
         Starting OpenBSD Secure Shell server...
         Starting LSB: automatic crash report generation...
         Starting Snappy daemon...
         Starting Permit User Sessions...
[[0;32m  OK  [0m] Started System Logging Service.
[[0;32m  OK  [0m] Started Permit User Sessions.
         Starting Terminate Plymouth Boot Screen...
         Starting Hold until boot process finishes up...
         Starting Authorization Manager...
[[0;32m  OK  [0m] Started Terminate Plymouth Boot Screen.
[[0;32m  OK  [0m] Started Hold until boot process finishes up.
         Starting Set console scheme...
[[0;32m  OK  [0m] Started Serial Getty on ttyS0.
[[0;32m  OK  [0m] Started LSB: automatic crash report generation.
[[0;32m  OK  [0m] Started Set console scheme.
[[0;32m  OK  [0m] Created slice system-getty.slice.
[[0;32m  OK  [0m] Started Getty on tty1.
[[0;32m  OK  [0m] Reached target Login Prompts.
[[0;32m  OK  [0m] Started LSB: Record successful boot for GRUB.
[[0;32m  OK  [0m] Started Authorization Manager.
[[0;32m  OK  [0m] Started Accounts Service.
[[0;32m  OK  [0m] Started Virtualbox guest utils.
[[0;32m  OK  [0m] Started Dispatcher daemon for systemd-networkd.
[[0;32m  OK  [0m] Started OpenBSD Secure Shell server.
[[0;32m  OK  [0m] Started Snappy daemon.
         Starting Wait until snapd is fully seeded...
[[0;32m  OK  [0m] Started Wait until snapd is fully seeded.
         Starting Apply the settings specified in cloud-config...
[[0;32m  OK  [0m] Created slice User Slice of vagrant.
         Starting User Manager for UID 1000...
[[0;32m  OK  [0m] Started Session 1 of user vagrant.
[   32.140772] cloud-init[1279]: Cloud-init v. 18.4-0ubuntu1~18.04.1 running 'modules:config' at Thu, 24 Jan 2019 07:00:48 +0000. Up 31.95 seconds.
[[0;32m  OK  [0m] Started Apply the settings specified in cloud-config.
[[0;32m  OK  [0m] Started LXD - container startup/shutdown.
[[0;32m  OK  [0m] Reached target Multi-User System.
         Starting Execute cloud user/final scripts...
[[0;32m  OK  [0m] Reached target Graphical Interface.
         Starting Update UTMP about System Runlevel Changes...
[[0;32m  OK  [0m] Started Update UTMP about System Runlevel Changes.
[[0;32m  OK  [0m] Started User Manager for UID 1000.
[   33.305732] cloud-init[1349]: Cloud-init v. 18.4-0ubuntu1~18.04.1 running 'modules:final' at Thu, 24 Jan 2019 07:00:50 +0000. Up 33.16 seconds.
[   33.322254] cloud-init[1349]: Cloud-init v. 18.4-0ubuntu1~18.04.1 finished at Thu, 24 Jan 2019 07:00:50 +0000. Datasource DataSourceNoCloud [seed=/dev/sdb][dsmode=net].  Up 33.29 seconds
[[0;32m  OK  [0m] Started Execute cloud user/final scripts.
[[0;32m  OK  [0m] Reached target Cloud-init target.

Ubuntu 18.04.1 LTS openwisp2 ttyS0

openwisp2 login:                Stopping irqbalance daemon...
[[0;32m  OK  [0m] Unmounted /var/lib/lxcfs.
[[0;32m  OK  [0m] Stopped Regular background program processing daemon.
[[0;32m  OK  [0m] Stopped Dispatcher daemon for systemd-networkd.
[[0;32m  OK  [0m] Stopped irqbalance daemon.
[[0;32m  OK  [0m] Stopped Unattended Upgrades Shutdown.
[[0;32m  OK  [0m] Stopped Accounts Service.
[[0;32m  OK  [0m] Stopped System Logging Service.
[[0;32m  OK  [0m] Stopped Deferred execution scheduler.
[[0;32m  OK  [0m] Stopped Snappy daemon.
[[0;32m  OK  [0m] Stopped Authorization Manager.
[[0;32m  OK  [0m] Stopped Serial Getty on ttyS0.
[[0;32m  OK  [0m] Stopped Getty on tty1.
[[0;32m  OK  [0m] Stopped OpenBSD Secure Shell server.
[[0;32m  OK  [0m] Stopped User Manager for UID 1000.
[[0;32m  OK  [0m] Stopped Availability of block devices.
[[0;32m  OK  [0m] Stopped D-Bus System Message Bus.
[[0;32m  OK  [0m] Stopped FUSE filesystem for LXC.
[[0;32m  OK  [0m] Stopped Session 5 of user vagrant.
[[0;32m  OK  [0m] Removed slice User Slice of vagrant.
[[0;32m  OK  [0m] Removed slice system-getty.slice.
[[0;32m  OK  [0m] Removed slice system-serial\x2dgetty.slice.
         Stopping Permit User Sessions...
         Stopping Login Service...
[[0;32m  OK  [0m] Stopped LXD - container startup/shutdown.
[[0;32m  OK  [0m] Stopped Virtualbox guest utils.
[[0;32m  OK  [0m] Stopped LSB: automatic crash report generation.
[[0;32m  OK  [0m] Stopped LSB: Record successful boot for GRUB.
[[0;32m  OK  [0m] Stopped Permit User Sessions.
[[0;32m  OK  [0m] Stopped target Network.
         Stopping Network Name Resolution...
[[0;32m  OK  [0m] Stopped target Remote File Systems.
[[0;32m  OK  [0m] Stopped target Remote File Systems (Pre).
[[0;32m  OK  [0m] Stopped Network Name Resolution.
[[0;32m  OK  [0m] Stopped Login Service.
[[0;32m  OK  [0m] Stopped target Basic System.
[[0;32m  OK  [0m] Stopped target Paths.
[[0;32m  OK  [0m] Stopped ACPI Events Check.
[[0;32m  OK  [0m] Stopped target Sockets.
[[0;32m  OK  [0m] Closed UUID daemon activation socket.
[[0;32m  OK  [0m] Closed Open-iSCSI iscsid Socket.
[[0;32m  OK  [0m] Closed Syslog Socket.
[[0;32m  OK  [0m] Closed LXD - unix socket.
[[0;32m  OK  [0m] Closed ACPID Listen Socket.
[[0;32m  OK  [0m] Closed Socket activation for snappy daemon.
[[0;32m  OK  [0m] Stopped target Slices.
[[0;32m  OK  [0m] Closed D-Bus System Message Bus Socket.
[[0;32m  OK  [0m] Stopped target System Initialization.
         Stopping Update UTMP about System Boot/Shutdown...
         Stopping Load/Save Random Seed...
[[0;32m  OK  [0m] Stopped target Local Encrypted Volumes.
[[0;32m  OK  [0m] Stopped Dispatch Password Requests to Console Directory Watch.
[[0;32m  OK  [0m] Stopped Forward Password Requests to Wall Directory Watch.
[[0;32m  OK  [0m] Stopped Initial cloud-init job (metadata service crawler).
[[0;32m  OK  [0m] Removed slice User and Session Slice.
[[0;32m  OK  [0m] Stopped target User and Group Name Lookups.
         Stopping Network Service...
[[0;32m  OK  [0m] Stopped Load/Save Random Seed.
[[0;32m  OK  [0m] Stopped Update UTMP about System Boot/Shutdown.
[[0;32m  OK  [0m] Stopped Create Volatile Files and Directories.
[[0;32m  OK  [0m] Stopped target Local File Systems.
         Unmounting /run/user/1000...
         Unmounting /vagrant...
[[0;32m  OK  [0m] Unmounted /run/user/1000.
[[0;32m  OK  [0m] Stopped target Swap.
[[0;32m  OK  [0m] Unmounted /vagrant.
[[0;32m  OK  [0m] Reached target Unmount All Filesystems.
[[0;32m  OK  [0m] Stopped target Local File Systems (Pre).
         Stopping Monitoring of LVM2 mirrorsâ€¦ng dmeventd or progress polling...
[[0;32m  OK  [0m] Stopped Create Static Device Nodes in /dev.
[[0;32m  OK  [0m] Stopped Network Service.
[[0;32m  OK  [0m] Stopped Apply Kernel Variables.
[[0;32m  OK  [0m] Stopped Load Kernel Modules.
[[0;32m  OK  [0m] Stopped target Network (Pre).
[[0;32m  OK  [0m] Stopped Initial cloud-init job (pre-networking).
[[0;32m  OK  [0m] Stopped Remount Root and Kernel File Systems.
[[0;32m  OK  [0m] Reached target Shutdown.
[[0;32m  OK  [0m] Reached target Final Step.
         Starting Power-Off...
[  255.540822] reboot: Power down
